// Jest Snapshot v1, https://goo.gl/fbAQLP

exports[`Snapshot test for BLEGovABase Stack 1`] = `
{
  "Parameters": {
    "BootstrapVersion": {
      "Default": "/cdk-bootstrap/hnb659fds/version",
      "Description": "Version of the CDK Bootstrap resources in this environment, automatically retrieved from SSM Parameter Store. [cdk:skip]",
      "Type": "AWS::SSM::Parameter::Value<String>",
    },
  },
  "Resources": {
    "Portfolio856A4190": {
      "Properties": {
        "DisplayName": "BLEA Baselines for Guest accounts",
        "ProviderName": "Platform team at Example Company",
      },
      "Type": "AWS::ServiceCatalog::Portfolio",
    },
    "PortfolioPortfolioProductAssociationd2b2e10d104073565C5B": {
      "Properties": {
        "PortfolioId": {
          "Ref": "Portfolio856A4190",
        },
        "ProductId": {
          "Ref": "Product896941B4",
        },
      },
      "Type": "AWS::ServiceCatalog::PortfolioProductAssociation",
    },
    "PortfolioPortolioPrincipalAssociationd82fda574793DAB993CA": {
      "Properties": {
        "PortfolioId": {
          "Ref": "Portfolio856A4190",
        },
        "PrincipalARN": {
          "Fn::Join": [
            "",
            [
              "arn:",
              {
                "Ref": "AWS::Partition",
              },
              ":iam::",
              {
                "Ref": "AWS::AccountId",
              },
              ":role/AWSControlTowerExecution",
            ],
          ],
        },
        "PrincipalType": "IAM",
      },
      "Type": "AWS::ServiceCatalog::PortfolioPrincipalAssociation",
    },
    "Product896941B4": {
      "Properties": {
        "Name": "BLEA Baseline",
        "Owner": "Platform team at Example Company",
        "ProvisioningArtifactParameters": [
          {
            "DisableTemplateValidation": false,
            "Info": {
              "LoadTemplateFromURL": {
                "Fn::Sub": "https://s3.\${AWS::Region}.\${AWS::URLSuffix}/cdk-hnb659fds-assets-\${AWS::AccountId}-\${AWS::Region}/HASH-REPLACED.json",
              },
            },
            "Name": "v1",
          },
        ],
      },
      "Type": "AWS::ServiceCatalog::CloudFormationProduct",
    },
  },
  "Rules": {
    "CheckBootstrapVersion": {
      "Assertions": [
        {
          "Assert": {
            "Fn::Not": [
              {
                "Fn::Contains": [
                  [
                    "1",
                    "2",
                    "3",
                    "4",
                    "5",
                  ],
                  {
                    "Ref": "BootstrapVersion",
                  },
                ],
              },
            ],
          },
          "AssertDescription": "CDK bootstrap stack version 6 required. Please run 'cdk bootstrap' with a recent version of the CDK CLI.",
        },
      ],
    },
  },
}
`;
