// Jest Snapshot v1, https://goo.gl/fbAQLP

exports[`Snapshot test for BLEAGovABaseCtPipeline Stack 1`] = `
{
  "Parameters": {
    "BootstrapVersion": {
      "Default": "/cdk-bootstrap/hnb659fds/version",
      "Description": "Version of the CDK Bootstrap resources in this environment, automatically retrieved from SSM Parameter Store. [cdk:skip]",
      "Type": "AWS::SSM::Parameter::Value<String>",
    },
  },
  "Resources": {
    "Pipeline9850B417": {
      "DependsOn": [
        "PipelineRoleDefaultPolicy7BDC1ABB",
        "PipelineRoleB27FAA37",
      ],
      "Properties": {
        "ArtifactStore": {
          "Location": {
            "Ref": "PipelineArtifactsBucketAEA9A052",
          },
          "Type": "S3",
        },
        "PipelineType": "V1",
        "RestartExecutionOnUpdate": true,
        "RoleArn": {
          "Fn::GetAtt": [
            "PipelineRoleB27FAA37",
            "Arn",
          ],
        },
        "Stages": [
          {
            "Actions": [
              {
                "ActionTypeId": {
                  "Category": "Source",
                  "Owner": "AWS",
                  "Provider": "CodeStarSourceConnection",
                  "Version": "1",
                },
                "Configuration": {
                  "BranchName": "main",
                  "ConnectionArn": "arn:aws:codestar-connections:ap-northeast-1:xxxxxxxxxxxx:connection/example",
                  "FullRepositoryId": "aws-samples/baseline-environment-on-aws",
                },
                "Name": "aws-samples_baseline-environment-on-aws",
                "OutputArtifacts": [
                  {
                    "Name": "aws_samples_baseline_environment_on_aws_Source",
                  },
                ],
                "RoleArn": {
                  "Fn::GetAtt": [
                    "PipelineSourceawssamplesbaselineenvironmentonawsCodePipelineActionRole1BD37B19",
                    "Arn",
                  ],
                },
                "RunOrder": 1,
              },
            ],
            "Name": "Source",
          },
          {
            "Actions": [
              {
                "ActionTypeId": {
                  "Category": "Build",
                  "Owner": "AWS",
                  "Provider": "CodeBuild",
                  "Version": "1",
                },
                "Configuration": {
                  "EnvironmentVariables": "[{"name":"_PROJECT_CONFIG_HASH","type":"PLAINTEXT","value":"acb21dc20d80677abb3dba3261c1cc1775fbc085e7e223e4a6dc432bb2ddf685"}]",
                  "ProjectName": {
                    "Ref": "PipelineBuildSynthCdkBuildProject6BEFA8E6",
                  },
                },
                "InputArtifacts": [
                  {
                    "Name": "aws_samples_baseline_environment_on_aws_Source",
                  },
                ],
                "Name": "Synth",
                "OutputArtifacts": [
                  {
                    "Name": "Synth_Output",
                  },
                ],
                "RoleArn": {
                  "Fn::GetAtt": [
                    "PipelineCodeBuildActionRole226DB0CB",
                    "Arn",
                  ],
                },
                "RunOrder": 1,
              },
            ],
            "Name": "Build",
          },
          {
            "Actions": [
              {
                "ActionTypeId": {
                  "Category": "Build",
                  "Owner": "AWS",
                  "Provider": "CodeBuild",
                  "Version": "1",
                },
                "Configuration": {
                  "EnvironmentVariables": "[{"name":"_PROJECT_CONFIG_HASH","type":"PLAINTEXT","value":"4f67319bbdbc8a4822d92e1638b4210739b162975724041ca7db5f53bbcb763d"}]",
                  "ProjectName": {
                    "Ref": "PipelineUpdatePipelineSelfMutationDAA41400",
                  },
                },
                "InputArtifacts": [
                  {
                    "Name": "Synth_Output",
                  },
                ],
                "Name": "SelfMutate",
                "RoleArn": {
                  "Fn::GetAtt": [
                    "PipelineCodeBuildActionRole226DB0CB",
                    "Arn",
                  ],
                },
                "RunOrder": 1,
              },
            ],
            "Name": "UpdatePipeline",
          },
          {
            "Actions": [
              {
                "ActionTypeId": {
                  "Category": "Deploy",
                  "Owner": "AWS",
                  "Provider": "CloudFormation",
                  "Version": "1",
                },
                "Configuration": {
                  "ActionMode": "CHANGE_SET_REPLACE",
                  "Capabilities": "CAPABILITY_NAMED_IAM,CAPABILITY_AUTO_EXPAND",
                  "ChangeSetName": "PipelineChange",
                  "RoleArn": {
                    "Fn::Join": [
                      "",
                      [
                        "arn:",
                        {
                          "Ref": "AWS::Partition",
                        },
                        ":iam::",
                        {
                          "Ref": "AWS::AccountId",
                        },
                        ":role/cdk-hnb659fds-cfn-exec-role-",
                        {
                          "Ref": "AWS::AccountId",
                        },
                        "-",
                        {
                          "Ref": "AWS::Region",
                        },
                      ],
                    ],
                  },
                  "StackName": "Dev-BLEAGovBaseCt",
                  "TemplateConfiguration": "Synth_Output::assembly-Dev-BLEAGovBaseCtPipeilne-Dev/DevBLEAGovBaseCtPipeilneDevBLEAGovBaseCt843AF7BA.template.json.config.json",
                  "TemplatePath": "Synth_Output::assembly-Dev-BLEAGovBaseCtPipeilne-Dev/DevBLEAGovBaseCtPipeilneDevBLEAGovBaseCt843AF7BA.template.json",
                },
                "InputArtifacts": [
                  {
                    "Name": "Synth_Output",
                  },
                ],
                "Name": "Prepare",
                "RoleArn": {
                  "Fn::Join": [
                    "",
                    [
                      "arn:",
                      {
                        "Ref": "AWS::Partition",
                      },
                      ":iam::",
                      {
                        "Ref": "AWS::AccountId",
                      },
                      ":role/cdk-hnb659fds-deploy-role-",
                      {
                        "Ref": "AWS::AccountId",
                      },
                      "-",
                      {
                        "Ref": "AWS::Region",
                      },
                    ],
                  ],
                },
                "RunOrder": 1,
              },
              {
                "ActionTypeId": {
                  "Category": "Deploy",
                  "Owner": "AWS",
                  "Provider": "CloudFormation",
                  "Version": "1",
                },
                "Configuration": {
                  "ActionMode": "CHANGE_SET_EXECUTE",
                  "ChangeSetName": "PipelineChange",
                  "StackName": "Dev-BLEAGovBaseCt",
                },
                "Name": "Deploy",
                "RoleArn": {
                  "Fn::Join": [
                    "",
                    [
                      "arn:",
                      {
                        "Ref": "AWS::Partition",
                      },
                      ":iam::",
                      {
                        "Ref": "AWS::AccountId",
                      },
                      ":role/cdk-hnb659fds-deploy-role-",
                      {
                        "Ref": "AWS::AccountId",
                      },
                      "-",
                      {
                        "Ref": "AWS::Region",
                      },
                    ],
                  ],
                },
                "RunOrder": 2,
              },
            ],
            "Name": "Dev",
          },
        ],
      },
      "Type": "AWS::CodePipeline::Pipeline",
    },
    "PipelineArtifactsBucketAEA9A052": {
      "DeletionPolicy": "Retain",
      "Properties": {
        "BucketEncryption": {
          "ServerSideEncryptionConfiguration": [
            {
              "ServerSideEncryptionByDefault": {
                "SSEAlgorithm": "aws:kms",
              },
            },
          ],
        },
        "PublicAccessBlockConfiguration": {
          "BlockPublicAcls": true,
          "BlockPublicPolicy": true,
          "IgnorePublicAcls": true,
          "RestrictPublicBuckets": true,
        },
      },
      "Type": "AWS::S3::Bucket",
      "UpdateReplacePolicy": "Retain",
    },
    "PipelineArtifactsBucketPolicyF53CCC52": {
      "Properties": {
        "Bucket": {
          "Ref": "PipelineArtifactsBucketAEA9A052",
        },
        "PolicyDocument": {
          "Statement": [
            {
              "Action": "s3:*",
              "Condition": {
                "Bool": {
                  "aws:SecureTransport": "false",
                },
              },
              "Effect": "Deny",
              "Principal": {
                "AWS": "*",
              },
              "Resource": [
                {
                  "Fn::GetAtt": [
                    "PipelineArtifactsBucketAEA9A052",
                    "Arn",
                  ],
                },
                {
                  "Fn::Join": [
                    "",
                    [
                      {
                        "Fn::GetAtt": [
                          "PipelineArtifactsBucketAEA9A052",
                          "Arn",
                        ],
                      },
                      "/*",
                    ],
                  ],
                },
              ],
            },
            {
              "Action": [
                "s3:GetObject*",
                "s3:GetBucket*",
                "s3:List*",
              ],
              "Effect": "Allow",
              "Principal": {
                "AWS": {
                  "Fn::Join": [
                    "",
                    [
                      "arn:",
                      {
                        "Ref": "AWS::Partition",
                      },
                      ":iam::",
                      {
                        "Ref": "AWS::AccountId",
                      },
                      ":role/cdk-hnb659fds-deploy-role-",
                      {
                        "Ref": "AWS::AccountId",
                      },
                      "-",
                      {
                        "Ref": "AWS::Region",
                      },
                    ],
                  ],
                },
              },
              "Resource": [
                {
                  "Fn::GetAtt": [
                    "PipelineArtifactsBucketAEA9A052",
                    "Arn",
                  ],
                },
                {
                  "Fn::Join": [
                    "",
                    [
                      {
                        "Fn::GetAtt": [
                          "PipelineArtifactsBucketAEA9A052",
                          "Arn",
                        ],
                      },
                      "/*",
                    ],
                  ],
                },
              ],
            },
          ],
          "Version": "2012-10-17",
        },
      },
      "Type": "AWS::S3::BucketPolicy",
    },
    "PipelineBuildSynthCdkBuildProject6BEFA8E6": {
      "Properties": {
        "Artifacts": {
          "Type": "CODEPIPELINE",
        },
        "Cache": {
          "Type": "NO_CACHE",
        },
        "Description": "Pipeline step Dev-BLEAGovBaseCtPipeilne/Pipeline/Build/Synth",
        "EncryptionKey": "alias/aws/s3",
        "Environment": {
          "ComputeType": "BUILD_GENERAL1_SMALL",
          "Image": "aws/codebuild/standard:7.0",
          "ImagePullCredentialsType": "CODEBUILD",
          "PrivilegedMode": false,
          "Type": "LINUX_CONTAINER",
        },
        "ServiceRole": {
          "Fn::GetAtt": [
            "PipelineBuildSynthCdkBuildProjectRole231EEA2A",
            "Arn",
          ],
        },
        "Source": {
          "BuildSpec": "{
  "version": "0.2",
  "phases": {
    "install": {
      "commands": [
        "n stable",
        "node --version",
        "npm i -g npm",
        "npm --version"
      ]
    },
    "build": {
      "commands": [
        "npm ci --workspaces",
        "cd usecases/blea-gov-base-ct",
        "npx cdk synth --app \\"npx ts-node --prefer-ts-exts bin/blea-gov-base-ct-via-cdk-pipelines.ts\\" --all"
      ]
    }
  },
  "artifacts": {
    "base-directory": "./usecases/blea-gov-base-ct/cdk.out",
    "files": "**/*"
  }
}",
          "Type": "CODEPIPELINE",
        },
      },
      "Type": "AWS::CodeBuild::Project",
    },
    "PipelineBuildSynthCdkBuildProjectRole231EEA2A": {
      "Properties": {
        "AssumeRolePolicyDocument": {
          "Statement": [
            {
              "Action": "sts:AssumeRole",
              "Effect": "Allow",
              "Principal": {
                "Service": "codebuild.amazonaws.com",
              },
            },
          ],
          "Version": "2012-10-17",
        },
      },
      "Type": "AWS::IAM::Role",
    },
    "PipelineBuildSynthCdkBuildProjectRoleDefaultPolicyFB6C941C": {
      "Properties": {
        "PolicyDocument": {
          "Statement": [
            {
              "Action": [
                "logs:CreateLogGroup",
                "logs:CreateLogStream",
                "logs:PutLogEvents",
              ],
              "Effect": "Allow",
              "Resource": [
                {
                  "Fn::Join": [
                    "",
                    [
                      "arn:",
                      {
                        "Ref": "AWS::Partition",
                      },
                      ":logs:ap-northeast-1:123456789012:log-group:/aws/codebuild/",
                      {
                        "Ref": "PipelineBuildSynthCdkBuildProject6BEFA8E6",
                      },
                    ],
                  ],
                },
                {
                  "Fn::Join": [
                    "",
                    [
                      "arn:",
                      {
                        "Ref": "AWS::Partition",
                      },
                      ":logs:ap-northeast-1:123456789012:log-group:/aws/codebuild/",
                      {
                        "Ref": "PipelineBuildSynthCdkBuildProject6BEFA8E6",
                      },
                      ":*",
                    ],
                  ],
                },
              ],
            },
            {
              "Action": [
                "codebuild:CreateReportGroup",
                "codebuild:CreateReport",
                "codebuild:UpdateReport",
                "codebuild:BatchPutTestCases",
                "codebuild:BatchPutCodeCoverages",
              ],
              "Effect": "Allow",
              "Resource": {
                "Fn::Join": [
                  "",
                  [
                    "arn:",
                    {
                      "Ref": "AWS::Partition",
                    },
                    ":codebuild:ap-northeast-1:123456789012:report-group/",
                    {
                      "Ref": "PipelineBuildSynthCdkBuildProject6BEFA8E6",
                    },
                    "-*",
                  ],
                ],
              },
            },
            {
              "Action": [
                "s3:GetObject*",
                "s3:GetBucket*",
                "s3:List*",
                "s3:DeleteObject*",
                "s3:PutObject",
                "s3:PutObjectLegalHold",
                "s3:PutObjectRetention",
                "s3:PutObjectTagging",
                "s3:PutObjectVersionTagging",
                "s3:Abort*",
              ],
              "Effect": "Allow",
              "Resource": [
                {
                  "Fn::GetAtt": [
                    "PipelineArtifactsBucketAEA9A052",
                    "Arn",
                  ],
                },
                {
                  "Fn::Join": [
                    "",
                    [
                      {
                        "Fn::GetAtt": [
                          "PipelineArtifactsBucketAEA9A052",
                          "Arn",
                        ],
                      },
                      "/*",
                    ],
                  ],
                },
              ],
            },
          ],
          "Version": "2012-10-17",
        },
        "PolicyName": "PipelineBuildSynthCdkBuildProjectRoleDefaultPolicyFB6C941C",
        "Roles": [
          {
            "Ref": "PipelineBuildSynthCdkBuildProjectRole231EEA2A",
          },
        ],
      },
      "Type": "AWS::IAM::Policy",
    },
    "PipelineCodeBuildActionRole226DB0CB": {
      "Properties": {
        "AssumeRolePolicyDocument": {
          "Statement": [
            {
              "Action": "sts:AssumeRole",
              "Effect": "Allow",
              "Principal": {
                "AWS": {
                  "Fn::GetAtt": [
                    "PipelineRoleB27FAA37",
                    "Arn",
                  ],
                },
              },
            },
          ],
          "Version": "2012-10-17",
        },
      },
      "Type": "AWS::IAM::Role",
    },
    "PipelineCodeBuildActionRoleDefaultPolicy1D62A6FE": {
      "Properties": {
        "PolicyDocument": {
          "Statement": [
            {
              "Action": [
                "codebuild:BatchGetBuilds",
                "codebuild:StartBuild",
                "codebuild:StopBuild",
              ],
              "Effect": "Allow",
              "Resource": {
                "Fn::GetAtt": [
                  "PipelineBuildSynthCdkBuildProject6BEFA8E6",
                  "Arn",
                ],
              },
            },
            {
              "Action": [
                "codebuild:BatchGetBuilds",
                "codebuild:StartBuild",
                "codebuild:StopBuild",
              ],
              "Effect": "Allow",
              "Resource": {
                "Fn::GetAtt": [
                  "PipelineUpdatePipelineSelfMutationDAA41400",
                  "Arn",
                ],
              },
            },
          ],
          "Version": "2012-10-17",
        },
        "PolicyName": "PipelineCodeBuildActionRoleDefaultPolicy1D62A6FE",
        "Roles": [
          {
            "Ref": "PipelineCodeBuildActionRole226DB0CB",
          },
        ],
      },
      "Type": "AWS::IAM::Policy",
    },
    "PipelineRoleB27FAA37": {
      "Properties": {
        "AssumeRolePolicyDocument": {
          "Statement": [
            {
              "Action": "sts:AssumeRole",
              "Effect": "Allow",
              "Principal": {
                "Service": "codepipeline.amazonaws.com",
              },
            },
          ],
          "Version": "2012-10-17",
        },
      },
      "Type": "AWS::IAM::Role",
    },
    "PipelineRoleDefaultPolicy7BDC1ABB": {
      "Properties": {
        "PolicyDocument": {
          "Statement": [
            {
              "Action": [
                "s3:GetObject*",
                "s3:GetBucket*",
                "s3:List*",
                "s3:DeleteObject*",
                "s3:PutObject",
                "s3:PutObjectLegalHold",
                "s3:PutObjectRetention",
                "s3:PutObjectTagging",
                "s3:PutObjectVersionTagging",
                "s3:Abort*",
              ],
              "Effect": "Allow",
              "Resource": [
                {
                  "Fn::GetAtt": [
                    "PipelineArtifactsBucketAEA9A052",
                    "Arn",
                  ],
                },
                {
                  "Fn::Join": [
                    "",
                    [
                      {
                        "Fn::GetAtt": [
                          "PipelineArtifactsBucketAEA9A052",
                          "Arn",
                        ],
                      },
                      "/*",
                    ],
                  ],
                },
              ],
            },
            {
              "Action": "sts:AssumeRole",
              "Effect": "Allow",
              "Resource": {
                "Fn::GetAtt": [
                  "PipelineSourceawssamplesbaselineenvironmentonawsCodePipelineActionRole1BD37B19",
                  "Arn",
                ],
              },
            },
            {
              "Action": "sts:AssumeRole",
              "Effect": "Allow",
              "Resource": {
                "Fn::GetAtt": [
                  "PipelineCodeBuildActionRole226DB0CB",
                  "Arn",
                ],
              },
            },
            {
              "Action": "sts:AssumeRole",
              "Effect": "Allow",
              "Resource": {
                "Fn::Join": [
                  "",
                  [
                    "arn:",
                    {
                      "Ref": "AWS::Partition",
                    },
                    ":iam::",
                    {
                      "Ref": "AWS::AccountId",
                    },
                    ":role/cdk-hnb659fds-deploy-role-",
                    {
                      "Ref": "AWS::AccountId",
                    },
                    "-",
                    {
                      "Ref": "AWS::Region",
                    },
                  ],
                ],
              },
            },
          ],
          "Version": "2012-10-17",
        },
        "PolicyName": "PipelineRoleDefaultPolicy7BDC1ABB",
        "Roles": [
          {
            "Ref": "PipelineRoleB27FAA37",
          },
        ],
      },
      "Type": "AWS::IAM::Policy",
    },
    "PipelineSourceawssamplesbaselineenvironmentonawsCodePipelineActionRole1BD37B19": {
      "Properties": {
        "AssumeRolePolicyDocument": {
          "Statement": [
            {
              "Action": "sts:AssumeRole",
              "Effect": "Allow",
              "Principal": {
                "AWS": {
                  "Fn::Join": [
                    "",
                    [
                      "arn:",
                      {
                        "Ref": "AWS::Partition",
                      },
                      ":iam::123456789012:root",
                    ],
                  ],
                },
              },
            },
          ],
          "Version": "2012-10-17",
        },
      },
      "Type": "AWS::IAM::Role",
    },
    "PipelineSourceawssamplesbaselineenvironmentonawsCodePipelineActionRoleDefaultPolicy51E7124E": {
      "Properties": {
        "PolicyDocument": {
          "Statement": [
            {
              "Action": "codestar-connections:UseConnection",
              "Effect": "Allow",
              "Resource": "arn:aws:codestar-connections:ap-northeast-1:xxxxxxxxxxxx:connection/example",
            },
            {
              "Action": [
                "s3:GetObject*",
                "s3:GetBucket*",
                "s3:List*",
                "s3:DeleteObject*",
                "s3:PutObject",
                "s3:PutObjectLegalHold",
                "s3:PutObjectRetention",
                "s3:PutObjectTagging",
                "s3:PutObjectVersionTagging",
                "s3:Abort*",
              ],
              "Effect": "Allow",
              "Resource": [
                {
                  "Fn::GetAtt": [
                    "PipelineArtifactsBucketAEA9A052",
                    "Arn",
                  ],
                },
                {
                  "Fn::Join": [
                    "",
                    [
                      {
                        "Fn::GetAtt": [
                          "PipelineArtifactsBucketAEA9A052",
                          "Arn",
                        ],
                      },
                      "/*",
                    ],
                  ],
                },
              ],
            },
            {
              "Action": [
                "s3:PutObjectAcl",
                "s3:PutObjectVersionAcl",
              ],
              "Effect": "Allow",
              "Resource": {
                "Fn::Join": [
                  "",
                  [
                    {
                      "Fn::GetAtt": [
                        "PipelineArtifactsBucketAEA9A052",
                        "Arn",
                      ],
                    },
                    "/*",
                  ],
                ],
              },
            },
          ],
          "Version": "2012-10-17",
        },
        "PolicyName": "PipelineSourceawssamplesbaselineenvironmentonawsCodePipelineActionRoleDefaultPolicy51E7124E",
        "Roles": [
          {
            "Ref": "PipelineSourceawssamplesbaselineenvironmentonawsCodePipelineActionRole1BD37B19",
          },
        ],
      },
      "Type": "AWS::IAM::Policy",
    },
    "PipelineUpdatePipelineSelfMutationDAA41400": {
      "Properties": {
        "Artifacts": {
          "Type": "CODEPIPELINE",
        },
        "Cache": {
          "Type": "NO_CACHE",
        },
        "Description": "Pipeline step Dev-BLEAGovBaseCtPipeilne/Pipeline/UpdatePipeline/SelfMutate",
        "EncryptionKey": "alias/aws/s3",
        "Environment": {
          "ComputeType": "BUILD_GENERAL1_SMALL",
          "Image": "aws/codebuild/standard:7.0",
          "ImagePullCredentialsType": "CODEBUILD",
          "PrivilegedMode": false,
          "Type": "LINUX_CONTAINER",
        },
        "ServiceRole": {
          "Fn::GetAtt": [
            "PipelineUpdatePipelineSelfMutationRole57E559E8",
            "Arn",
          ],
        },
        "Source": {
          "BuildSpec": "{
  "version": "0.2",
  "phases": {
    "install": {
      "commands": [
        "npm install -g aws-cdk@2"
      ]
    },
    "build": {
      "commands": [
        "cdk -a . deploy Dev-BLEAGovBaseCtPipeilne --require-approval=never --verbose"
      ]
    }
  }
}",
          "Type": "CODEPIPELINE",
        },
      },
      "Type": "AWS::CodeBuild::Project",
    },
    "PipelineUpdatePipelineSelfMutationRole57E559E8": {
      "Properties": {
        "AssumeRolePolicyDocument": {
          "Statement": [
            {
              "Action": "sts:AssumeRole",
              "Effect": "Allow",
              "Principal": {
                "Service": "codebuild.amazonaws.com",
              },
            },
          ],
          "Version": "2012-10-17",
        },
      },
      "Type": "AWS::IAM::Role",
    },
    "PipelineUpdatePipelineSelfMutationRoleDefaultPolicyA225DA4E": {
      "Properties": {
        "PolicyDocument": {
          "Statement": [
            {
              "Action": [
                "logs:CreateLogGroup",
                "logs:CreateLogStream",
                "logs:PutLogEvents",
              ],
              "Effect": "Allow",
              "Resource": [
                {
                  "Fn::Join": [
                    "",
                    [
                      "arn:",
                      {
                        "Ref": "AWS::Partition",
                      },
                      ":logs:ap-northeast-1:123456789012:log-group:/aws/codebuild/",
                      {
                        "Ref": "PipelineUpdatePipelineSelfMutationDAA41400",
                      },
                    ],
                  ],
                },
                {
                  "Fn::Join": [
                    "",
                    [
                      "arn:",
                      {
                        "Ref": "AWS::Partition",
                      },
                      ":logs:ap-northeast-1:123456789012:log-group:/aws/codebuild/",
                      {
                        "Ref": "PipelineUpdatePipelineSelfMutationDAA41400",
                      },
                      ":*",
                    ],
                  ],
                },
              ],
            },
            {
              "Action": [
                "codebuild:CreateReportGroup",
                "codebuild:CreateReport",
                "codebuild:UpdateReport",
                "codebuild:BatchPutTestCases",
                "codebuild:BatchPutCodeCoverages",
              ],
              "Effect": "Allow",
              "Resource": {
                "Fn::Join": [
                  "",
                  [
                    "arn:",
                    {
                      "Ref": "AWS::Partition",
                    },
                    ":codebuild:ap-northeast-1:123456789012:report-group/",
                    {
                      "Ref": "PipelineUpdatePipelineSelfMutationDAA41400",
                    },
                    "-*",
                  ],
                ],
              },
            },
            {
              "Action": "sts:AssumeRole",
              "Condition": {
                "ForAnyValue:StringEquals": {
                  "iam:ResourceTag/aws-cdk:bootstrap-role": [
                    "image-publishing",
                    "file-publishing",
                    "deploy",
                  ],
                },
              },
              "Effect": "Allow",
              "Resource": "arn:*:iam::123456789012:role/*",
            },
            {
              "Action": "cloudformation:DescribeStacks",
              "Effect": "Allow",
              "Resource": "*",
            },
            {
              "Action": "s3:ListBucket",
              "Effect": "Allow",
              "Resource": "*",
            },
            {
              "Action": [
                "s3:GetObject*",
                "s3:GetBucket*",
                "s3:List*",
              ],
              "Effect": "Allow",
              "Resource": [
                {
                  "Fn::GetAtt": [
                    "PipelineArtifactsBucketAEA9A052",
                    "Arn",
                  ],
                },
                {
                  "Fn::Join": [
                    "",
                    [
                      {
                        "Fn::GetAtt": [
                          "PipelineArtifactsBucketAEA9A052",
                          "Arn",
                        ],
                      },
                      "/*",
                    ],
                  ],
                },
              ],
            },
          ],
          "Version": "2012-10-17",
        },
        "PolicyName": "PipelineUpdatePipelineSelfMutationRoleDefaultPolicyA225DA4E",
        "Roles": [
          {
            "Ref": "PipelineUpdatePipelineSelfMutationRole57E559E8",
          },
        ],
      },
      "Type": "AWS::IAM::Policy",
    },
  },
  "Rules": {
    "CheckBootstrapVersion": {
      "Assertions": [
        {
          "Assert": {
            "Fn::Not": [
              {
                "Fn::Contains": [
                  [
                    "1",
                    "2",
                    "3",
                    "4",
                    "5",
                  ],
                  {
                    "Ref": "BootstrapVersion",
                  },
                ],
              },
            ],
          },
          "AssertDescription": "CDK bootstrap stack version 6 required. Please run 'cdk bootstrap' with a recent version of the CDK CLI.",
        },
      ],
    },
  },
}
`;
