// Jest Snapshot v1, https://goo.gl/fbAQLP

exports[`BLEA ControlTower Stacks GuestAccount Base Stacks 1`] = `
Object {
  "Mappings": Object {
    "ServiceprincipalMap": Object {
      "af-south-1": Object {
        "ssm": "ssm.af-south-1.amazonaws.com",
      },
      "ap-east-1": Object {
        "ssm": "ssm.ap-east-1.amazonaws.com",
      },
      "ap-northeast-1": Object {
        "ssm": "ssm.amazonaws.com",
      },
      "ap-northeast-2": Object {
        "ssm": "ssm.amazonaws.com",
      },
      "ap-northeast-3": Object {
        "ssm": "ssm.amazonaws.com",
      },
      "ap-south-1": Object {
        "ssm": "ssm.amazonaws.com",
      },
      "ap-southeast-1": Object {
        "ssm": "ssm.amazonaws.com",
      },
      "ap-southeast-2": Object {
        "ssm": "ssm.amazonaws.com",
      },
      "ap-southeast-3": Object {
        "ssm": "ssm.ap-southeast-3.amazonaws.com",
      },
      "ca-central-1": Object {
        "ssm": "ssm.amazonaws.com",
      },
      "cn-north-1": Object {
        "ssm": "ssm.amazonaws.com",
      },
      "cn-northwest-1": Object {
        "ssm": "ssm.amazonaws.com",
      },
      "eu-central-1": Object {
        "ssm": "ssm.amazonaws.com",
      },
      "eu-north-1": Object {
        "ssm": "ssm.amazonaws.com",
      },
      "eu-south-1": Object {
        "ssm": "ssm.eu-south-1.amazonaws.com",
      },
      "eu-south-2": Object {
        "ssm": "ssm.eu-south-2.amazonaws.com",
      },
      "eu-west-1": Object {
        "ssm": "ssm.amazonaws.com",
      },
      "eu-west-2": Object {
        "ssm": "ssm.amazonaws.com",
      },
      "eu-west-3": Object {
        "ssm": "ssm.amazonaws.com",
      },
      "me-south-1": Object {
        "ssm": "ssm.me-south-1.amazonaws.com",
      },
      "sa-east-1": Object {
        "ssm": "ssm.amazonaws.com",
      },
      "us-east-1": Object {
        "ssm": "ssm.amazonaws.com",
      },
      "us-east-2": Object {
        "ssm": "ssm.amazonaws.com",
      },
      "us-gov-east-1": Object {
        "ssm": "ssm.amazonaws.com",
      },
      "us-gov-west-1": Object {
        "ssm": "ssm.amazonaws.com",
      },
      "us-iso-east-1": Object {
        "ssm": "ssm.amazonaws.com",
      },
      "us-iso-west-1": Object {
        "ssm": "ssm.us-iso-west-1.amazonaws.com",
      },
      "us-isob-east-1": Object {
        "ssm": "ssm.amazonaws.com",
      },
      "us-west-1": Object {
        "ssm": "ssm.amazonaws.com",
      },
      "us-west-2": Object {
        "ssm": "ssm.amazonaws.com",
      },
    },
  },
  "Parameters": Object {
    "BootstrapVersion": Object {
      "Default": "/cdk-bootstrap/hnb659fds/version",
      "Description": "Version of the CDK Bootstrap resources in this environment, automatically retrieved from SSM Parameter Store. [cdk:skip]",
      "Type": "AWS::SSM::Parameter::Value<String>",
    },
  },
  "Resources": Object {
    "BLEARuleDefaultSecurityGroupClosed456A269D": Object {
      "Properties": Object {
        "ConfigRuleName": "bb-default-security-group-closed",
        "Description": "Checks that the default security group of any Amazon Virtual Private Cloud (VPC) does not allow inbound or outbound traffic. The rule is non-compliant if the default security group has one or more inbound or outbound traffic.",
        "Scope": Object {
          "ComplianceResourceTypes": Array [
            "AWS::EC2::SecurityGroup",
          ],
        },
        "Source": Object {
          "Owner": "AWS",
          "SourceIdentifier": "VPC_DEFAULT_SECURITY_GROUP_CLOSED",
        },
      },
      "Type": "AWS::Config::ConfigRule",
    },
    "RemoveSecGroupRemediationRoleDefaultPolicyF609DBB1": Object {
      "Properties": Object {
        "PolicyDocument": Object {
          "Statement": Array [
            Object {
              "Action": Array [
                "ec2:RevokeSecurityGroupIngress",
                "ec2:RevokeSecurityGroupEgress",
                "ec2:DescribeSecurityGroups",
              ],
              "Effect": "Allow",
              "Resource": "*",
            },
            Object {
              "Action": "iam:PassRole",
              "Effect": "Allow",
              "Resource": Object {
                "Fn::GetAtt": Array [
                  "RemoveSecGroupRemediationRoleE508F214",
                  "Arn",
                ],
              },
            },
            Object {
              "Action": "ssm:StartAutomationExecution",
              "Effect": "Allow",
              "Resource": "arn:aws:ssm:::automation-definition/AWSConfigRemediation-RemoveVPCDefaultSecurityGroupRules",
            },
          ],
          "Version": "2012-10-17",
        },
        "PolicyName": "RemoveSecGroupRemediationRoleDefaultPolicyF609DBB1",
        "Roles": Array [
          Object {
            "Ref": "RemoveSecGroupRemediationRoleE508F214",
          },
        ],
      },
      "Type": "AWS::IAM::Policy",
    },
    "RemoveSecGroupRemediationRoleE508F214": Object {
      "Properties": Object {
        "AssumeRolePolicyDocument": Object {
          "Statement": Array [
            Object {
              "Action": "sts:AssumeRole",
              "Effect": "Allow",
              "Principal": Object {
                "Service": Object {
                  "Fn::FindInMap": Array [
                    "ServiceprincipalMap",
                    Object {
                      "Ref": "AWS::Region",
                    },
                    "ssm",
                  ],
                },
              },
            },
          ],
          "Version": "2012-10-17",
        },
        "ManagedPolicyArns": Array [
          "arn:aws:iam::aws:policy/service-role/AmazonSSMAutomationRole",
        ],
        "Path": "/",
        "Tags": Array [
          Object {
            "Key": "Environment",
            "Value": "Development",
          },
        ],
      },
      "Type": "AWS::IAM::Role",
    },
    "RmDefaultSg": Object {
      "Properties": Object {
        "Automatic": true,
        "ConfigRuleName": Object {
          "Ref": "BLEARuleDefaultSecurityGroupClosed456A269D",
        },
        "MaximumAutomaticAttempts": 5,
        "Parameters": Object {
          "AutomationAssumeRole": Object {
            "StaticValue": Object {
              "Values": Array [
                Object {
                  "Fn::GetAtt": Array [
                    "RemoveSecGroupRemediationRoleE508F214",
                    "Arn",
                  ],
                },
              ],
            },
          },
          "GroupId": Object {
            "ResourceValue": Object {
              "Value": "RESOURCE_ID",
            },
          },
        },
        "RetryAttemptSeconds": 60,
        "TargetId": "AWSConfigRemediation-RemoveVPCDefaultSecurityGroupRules",
        "TargetType": "SSM_DOCUMENT",
        "TargetVersion": "1",
      },
      "Type": "AWS::Config::RemediationConfiguration",
    },
  },
  "Rules": Object {
    "CheckBootstrapVersion": Object {
      "Assertions": Array [
        Object {
          "Assert": Object {
            "Fn::Not": Array [
              Object {
                "Fn::Contains": Array [
                  Array [
                    "1",
                    "2",
                    "3",
                    "4",
                    "5",
                  ],
                  Object {
                    "Ref": "BootstrapVersion",
                  },
                ],
              },
            ],
          },
          "AssertDescription": "CDK bootstrap stack version 6 required. Please run 'cdk bootstrap' with a recent version of the CDK CLI.",
        },
      ],
    },
  },
}
`;

exports[`BLEA ControlTower Stacks GuestAccount Base Stacks 2`] = `
Object {
  "Parameters": Object {
    "BootstrapVersion": Object {
      "Default": "/cdk-bootstrap/hnb659fds/version",
      "Description": "Version of the CDK Bootstrap resources in this environment, automatically retrieved from SSM Parameter Store. [cdk:skip]",
      "Type": "AWS::SSM::Parameter::Value<String>",
    },
  },
  "Resources": Object {
    "IamAdminGroupA13BD09E": Object {
      "Properties": Object {
        "ManagedPolicyArns": Array [
          Object {
            "Ref": "IamAdminPolicy0D291B9C",
          },
        ],
      },
      "Type": "AWS::IAM::Group",
    },
    "IamAdminPolicy0D291B9C": Object {
      "Properties": Object {
        "Description": "",
        "Path": "/",
        "PolicyDocument": Object {
          "Statement": Array [
            Object {
              "Action": "iam:*",
              "Condition": Object {
                "Bool": Object {
                  "aws:MultiFactorAuthPresent": "true",
                },
              },
              "Effect": "Allow",
              "Resource": "*",
            },
            Object {
              "Action": "aws-portal:*Billing",
              "Effect": "Deny",
              "Resource": "*",
            },
          ],
          "Version": "2012-10-17",
        },
      },
      "Type": "AWS::IAM::ManagedPolicy",
    },
    "IamAdminRole7F81A4F9": Object {
      "Properties": Object {
        "AssumeRolePolicyDocument": Object {
          "Statement": Array [
            Object {
              "Action": "sts:AssumeRole",
              "Effect": "Allow",
              "Principal": Object {
                "Service": Object {
                  "Fn::Join": Array [
                    "",
                    Array [
                      "ec2.",
                      Object {
                        "Ref": "AWS::URLSuffix",
                      },
                    ],
                  ],
                },
              },
            },
          ],
          "Version": "2012-10-17",
        },
        "ManagedPolicyArns": Array [
          Object {
            "Ref": "IamAdminPolicy0D291B9C",
          },
        ],
        "Tags": Array [
          Object {
            "Key": "Environment",
            "Value": "Development",
          },
        ],
      },
      "Type": "AWS::IAM::Role",
    },
    "InstanceOpsGroup70D35B0F": Object {
      "Properties": Object {
        "ManagedPolicyArns": Array [
          Object {
            "Ref": "InstanceOpsPolicyACF13D80",
          },
        ],
      },
      "Type": "AWS::IAM::Group",
    },
    "InstanceOpsPolicyACF13D80": Object {
      "Properties": Object {
        "Description": "",
        "Path": "/",
        "PolicyDocument": Object {
          "Statement": Array [
            Object {
              "Action": "ec2:*",
              "Effect": "Allow",
              "Resource": "*",
            },
            Object {
              "Action": "elasticloadbalancing:*",
              "Effect": "Allow",
              "Resource": "*",
            },
            Object {
              "Action": "cloudwatch:*",
              "Effect": "Allow",
              "Resource": "*",
            },
            Object {
              "Action": "autoscaling:*",
              "Effect": "Allow",
              "Resource": "*",
            },
            Object {
              "Action": Array [
                "ec2:CreateVpc*",
                "ec2:DeleteVpc*",
                "ec2:ModifyVpc*",
                "ec2:CreateSubnet*",
                "ec2:DeleteSubnet*",
                "ec2:ModifySubnet*",
                "ec2:Create*Route*",
                "ec2:DeleteRoute*",
                "ec2:AssociateRoute*",
                "ec2:ReplaceRoute*",
                "ec2:CreateVpn*",
                "ec2:DeleteVpn*",
                "ec2:AttachVpn*",
                "ec2:DetachVpn*",
                "ec2:CreateNetworkAcl*",
                "ec2:DeleteNetworkAcl*",
                "ec2:ReplaceNetworkAcl*",
                "ec2:*Gateway*",
                "ec2:*PeeringConnection*",
              ],
              "Effect": "Deny",
              "Resource": "*",
            },
            Object {
              "Action": "aws-portal:*Billing",
              "Effect": "Deny",
              "Resource": "*",
            },
            Object {
              "Action": Array [
                "kms:Create*",
                "kms:Revoke*",
                "kms:Enable*",
                "kms:Get*",
                "kms:Disable*",
                "kms:Delete*",
                "kms:Put*",
                "kms:Update*",
              ],
              "Effect": "Deny",
              "Resource": "*",
            },
          ],
          "Version": "2012-10-17",
        },
      },
      "Type": "AWS::IAM::ManagedPolicy",
    },
    "InstanceOpsRole4285322B": Object {
      "Properties": Object {
        "AssumeRolePolicyDocument": Object {
          "Statement": Array [
            Object {
              "Action": "sts:AssumeRole",
              "Effect": "Allow",
              "Principal": Object {
                "Service": Object {
                  "Fn::Join": Array [
                    "",
                    Array [
                      "ec2.",
                      Object {
                        "Ref": "AWS::URLSuffix",
                      },
                    ],
                  ],
                },
              },
            },
          ],
          "Version": "2012-10-17",
        },
        "ManagedPolicyArns": Array [
          Object {
            "Ref": "InstanceOpsPolicyACF13D80",
          },
        ],
        "Tags": Array [
          Object {
            "Key": "Environment",
            "Value": "Development",
          },
        ],
      },
      "Type": "AWS::IAM::Role",
    },
    "ReadOnlyAdminGroup48654107": Object {
      "Properties": Object {
        "ManagedPolicyArns": Array [
          Object {
            "Ref": "ReadOnlyAdminPolicyBB7EEA25",
          },
        ],
      },
      "Type": "AWS::IAM::Group",
    },
    "ReadOnlyAdminPolicyBB7EEA25": Object {
      "Properties": Object {
        "Description": "",
        "Path": "/",
        "PolicyDocument": Object {
          "Statement": Array [
            Object {
              "Action": Array [
                "appstream:Get*",
                "autoscaling:Describe*",
                "cloudformation:DescribeStacks",
                "cloudformation:DescribeStackEvents",
                "cloudformation:DescribeStackResource",
                "cloudformation:DescribeStackResources",
                "cloudformation:GetTemplate",
                "cloudformation:List*",
                "cloudfront:Get*",
                "cloudfront:List*",
                "cloudtrail:DescribeTrails",
                "cloudtrail:GetTrailStatus",
                "cloudwatch:Describe*",
                "cloudwatch:Get*",
                "cloudwatch:List*",
                "directconnect:Describe*",
                "dynamodb:GetItem",
                "dynamodb:BatchGetItem",
                "dynamodb:Query",
                "dynamodb:Scan",
                "dynamodb:DescribeTable",
                "dynamodb:ListTables",
                "ec2:Describe*",
                "elasticache:Describe*",
                "elasticbeanstalk:Check*",
                "elasticbeanstalk:Describe*",
                "elasticbeanstalk:List*",
                "elasticbeanstalk:RequestEnvironmentInfo",
                "elasticbeanstalk:RetrieveEnvironmentInfo",
                "elasticloadbalancing:Describe*",
                "elastictranscoder:Read*",
                "elastictranscoder:List*",
                "iam:List*",
                "iam:Get*",
                "kinesis:Describe*",
                "kinesis:Get*",
                "kinesis:List*",
                "opsworks:Describe*",
                "opsworks:Get*",
                "route53:Get*",
                "route53:List*",
                "redshift:Describe*",
                "redshift:ViewQueriesInConsole",
                "rds:Describe*",
                "rds:ListTagsForResource",
                "s3:Get*",
                "s3:List*",
                "sdb:GetAttributes",
                "sdb:List*",
                "sdb:Select*",
                "ses:Get*",
                "ses:List*",
                "sns:Get*",
                "sns:List*",
                "sqs:GetQueueAttributes",
                "sqs:ListQueues",
                "sqs:ReceiveMessage",
                "storagegateway:List*",
                "storagegateway:Describe*",
                "trustedadvisor:Describe*",
              ],
              "Effect": "Allow",
              "Resource": "*",
            },
            Object {
              "Action": "aws-portal:*Billing",
              "Effect": "Deny",
              "Resource": "*",
            },
          ],
          "Version": "2012-10-17",
        },
      },
      "Type": "AWS::IAM::ManagedPolicy",
    },
    "ReadOnlyAdminRole76DC872B": Object {
      "Properties": Object {
        "AssumeRolePolicyDocument": Object {
          "Statement": Array [
            Object {
              "Action": "sts:AssumeRole",
              "Effect": "Allow",
              "Principal": Object {
                "Service": Object {
                  "Fn::Join": Array [
                    "",
                    Array [
                      "ec2.",
                      Object {
                        "Ref": "AWS::URLSuffix",
                      },
                    ],
                  ],
                },
              },
            },
          ],
          "Version": "2012-10-17",
        },
        "ManagedPolicyArns": Array [
          Object {
            "Ref": "ReadOnlyAdminPolicyBB7EEA25",
          },
        ],
        "Tags": Array [
          Object {
            "Key": "Environment",
            "Value": "Development",
          },
        ],
      },
      "Type": "AWS::IAM::Role",
    },
    "SysAdminGroupA408C9E0": Object {
      "Properties": Object {
        "ManagedPolicyArns": Array [
          Object {
            "Ref": "SysAdminPolicy90C47C4A",
          },
        ],
      },
      "Type": "AWS::IAM::Group",
    },
    "SysAdminPolicy90C47C4A": Object {
      "Properties": Object {
        "Description": "",
        "Path": "/",
        "PolicyDocument": Object {
          "Statement": Array [
            Object {
              "Condition": Object {
                "Bool": Object {
                  "aws:MultiFactorAuthPresent": "true",
                },
              },
              "Effect": "Allow",
              "NotAction": "iam:*",
              "Resource": "*",
            },
            Object {
              "Action": "aws-portal:*Billing",
              "Effect": "Deny",
              "Resource": "*",
            },
            Object {
              "Action": Array [
                "cloudtrail:DeleteTrail",
                "cloudtrail:StopLogging",
                "cloudtrail:UpdateTrail",
              ],
              "Effect": "Deny",
              "Resource": "*",
            },
            Object {
              "Action": Array [
                "kms:Create*",
                "kms:Revoke*",
                "kms:Enable*",
                "kms:Get*",
                "kms:Disable*",
                "kms:Delete*",
                "kms:Put*",
                "kms:Update*",
              ],
              "Effect": "Deny",
              "Resource": "*",
            },
          ],
          "Version": "2012-10-17",
        },
      },
      "Type": "AWS::IAM::ManagedPolicy",
    },
    "SysAdminRoleC29628DF": Object {
      "Properties": Object {
        "AssumeRolePolicyDocument": Object {
          "Statement": Array [
            Object {
              "Action": "sts:AssumeRole",
              "Effect": "Allow",
              "Principal": Object {
                "Service": Object {
                  "Fn::Join": Array [
                    "",
                    Array [
                      "ec2.",
                      Object {
                        "Ref": "AWS::URLSuffix",
                      },
                    ],
                  ],
                },
              },
            },
          ],
          "Version": "2012-10-17",
        },
        "ManagedPolicyArns": Array [
          Object {
            "Ref": "SysAdminPolicy90C47C4A",
          },
        ],
        "Tags": Array [
          Object {
            "Key": "Environment",
            "Value": "Development",
          },
        ],
      },
      "Type": "AWS::IAM::Role",
    },
  },
  "Rules": Object {
    "CheckBootstrapVersion": Object {
      "Assertions": Array [
        Object {
          "Assert": Object {
            "Fn::Not": Array [
              Object {
                "Fn::Contains": Array [
                  Array [
                    "1",
                    "2",
                    "3",
                    "4",
                    "5",
                  ],
                  Object {
                    "Ref": "BootstrapVersion",
                  },
                ],
              },
            ],
          },
          "AssertDescription": "CDK bootstrap stack version 6 required. Please run 'cdk bootstrap' with a recent version of the CDK CLI.",
        },
      ],
    },
  },
}
`;

exports[`BLEA ControlTower Stacks GuestAccount Base Stacks 3`] = `
Object {
  "Outputs": Object {
    "ExportsOutputRefSecurityAlarmTopicEE71C63385BAAF8E": Object {
      "Export": Object {
        "Name": "BLEA-SecurityAlarm:ExportsOutputRefSecurityAlarmTopicEE71C63385BAAF8E",
      },
      "Value": Object {
        "Ref": "SecurityAlarmTopicEE71C633",
      },
    },
  },
  "Parameters": Object {
    "BootstrapVersion": Object {
      "Default": "/cdk-bootstrap/hnb659fds/version",
      "Description": "Version of the CDK Bootstrap resources in this environment, automatically retrieved from SSM Parameter Store. [cdk:skip]",
      "Type": "AWS::SSM::Parameter::Value<String>",
    },
  },
  "Resources": Object {
    "BLEARuleAwsHealthF42E6F23": Object {
      "Properties": Object {
        "Description": "Notify AWS Health event",
        "EventPattern": Object {
          "detail-type": Array [
            "AWS Health Event",
          ],
          "source": Array [
            "aws.health",
          ],
        },
        "State": "ENABLED",
        "Targets": Array [
          Object {
            "Arn": Object {
              "Ref": "SecurityAlarmTopicEE71C633",
            },
            "Id": "Target0",
          },
        ],
      },
      "Type": "AWS::Events::Rule",
    },
    "BLEARuleCloudTrailChangeF40559AF": Object {
      "Properties": Object {
        "Description": "Notify to change on CloudTrail log configuration",
        "EventPattern": Object {
          "detail": Object {
            "eventName": Array [
              "StopLogging",
              "DeleteTrail",
              "UpdateTrail",
            ],
            "eventSource": Array [
              "cloudtrail.amazonaws.com",
            ],
          },
          "detail-type": Array [
            "AWS API Call via CloudTrail",
          ],
        },
        "State": "ENABLED",
        "Targets": Array [
          Object {
            "Arn": Object {
              "Ref": "SecurityAlarmTopicEE71C633",
            },
            "Id": "Target0",
          },
        ],
      },
      "Type": "AWS::Events::Rule",
    },
    "BLEARuleConfigRules520AA821": Object {
      "Properties": Object {
        "Description": "CloudWatch Event Rule to send notification on Config Rule compliance changes.",
        "EventPattern": Object {
          "detail": Object {
            "configRuleName": Array [
              "bb-default-security-group-closed",
            ],
            "newEvaluationResult": Object {
              "complianceType": Array [
                "NON_COMPLIANT",
              ],
            },
          },
          "detail-type": Array [
            "Config Rules Compliance Change",
          ],
          "source": Array [
            "aws.config",
          ],
        },
        "State": "ENABLED",
        "Targets": Array [
          Object {
            "Arn": Object {
              "Ref": "SecurityAlarmTopicEE71C633",
            },
            "Id": "Target0",
          },
        ],
      },
      "Type": "AWS::Events::Rule",
    },
    "BLEARuleGuardDuty568AB9DE": Object {
      "Properties": Object {
        "Description": "CloudWatch Event Rule to send notification on GuardDuty findings.",
        "EventPattern": Object {
          "detail": Object {
            "severity": Array [
              4,
              4,
              4.1,
              4.2,
              4.3,
              4.4,
              4.5,
              4.6,
              4.7,
              4.8,
              4.9,
              5,
              5,
              5.1,
              5.2,
              5.3,
              5.4,
              5.5,
              5.6,
              5.7,
              5.8,
              5.9,
              6,
              6,
              6.1,
              6.2,
              6.3,
              6.4,
              6.5,
              6.6,
              6.7,
              6.8,
              6.9,
              7,
              7,
              7.1,
              7.2,
              7.3,
              7.4,
              7.5,
              7.6,
              7.7,
              7.8,
              7.9,
              8,
              8,
              8.1,
              8.2,
              8.3,
              8.4,
              8.5,
              8.6,
              8.7,
              8.8,
              8.9,
            ],
          },
          "detail-type": Array [
            "GuardDuty Finding",
          ],
          "source": Array [
            "aws.guardduty",
          ],
        },
        "State": "ENABLED",
        "Targets": Array [
          Object {
            "Arn": Object {
              "Ref": "SecurityAlarmTopicEE71C633",
            },
            "Id": "Target0",
          },
        ],
      },
      "Type": "AWS::Events::Rule",
    },
    "BLEARuleNetworkAclChange75C08502": Object {
      "Properties": Object {
        "Description": "Notify to create, update or delete a Network ACL.",
        "EventPattern": Object {
          "detail": Object {
            "eventName": Array [
              "CreateNetworkAcl",
              "CreateNetworkAclEntry",
              "DeleteNetworkAcl",
              "DeleteNetworkAclEntry",
              "ReplaceNetworkAclEntry",
              "ReplaceNetworkAclAssociation",
            ],
            "eventSource": Array [
              "ec2.amazonaws.com",
            ],
          },
          "detail-type": Array [
            "AWS API Call via CloudTrail",
          ],
          "source": Array [
            "aws.ec2",
          ],
        },
        "State": "ENABLED",
        "Targets": Array [
          Object {
            "Arn": Object {
              "Ref": "SecurityAlarmTopicEE71C633",
            },
            "Id": "Target0",
          },
        ],
      },
      "Type": "AWS::Events::Rule",
    },
    "BLEARuleSecurityGroupChange40274701": Object {
      "Properties": Object {
        "Description": "Notify to create, update or delete a Security Group.",
        "EventPattern": Object {
          "detail": Object {
            "eventName": Array [
              "AuthorizeSecurityGroupIngress",
              "AuthorizeSecurityGroupEgress",
              "RevokeSecurityGroupIngress",
              "RevokeSecurityGroupEgress",
            ],
            "eventSource": Array [
              "ec2.amazonaws.com",
            ],
          },
          "detail-type": Array [
            "AWS API Call via CloudTrail",
          ],
          "source": Array [
            "aws.ec2",
          ],
        },
        "State": "ENABLED",
        "Targets": Array [
          Object {
            "Arn": Object {
              "Ref": "SecurityAlarmTopicEE71C633",
            },
            "Id": "Target0",
          },
        ],
      },
      "Type": "AWS::Events::Rule",
    },
    "BLEARuleSecurityHubF2D7C6F3": Object {
      "Properties": Object {
        "Description": "CloudWatch Event Rule to send notification on SecurityHub all new findings and all updates.",
        "EventPattern": Object {
          "detail": Object {
            "findings": Object {
              "Compliance": Object {
                "Status": Array [
                  "FAILED",
                ],
              },
              "RecordState": Array [
                "ACTIVE",
              ],
              "Severity": Object {
                "Label": Array [
                  "CRITICAL",
                  "HIGH",
                ],
              },
              "Workflow": Object {
                "Status": Array [
                  "NEW",
                  "NOTIFIED",
                ],
              },
            },
          },
          "detail-type": Array [
            "Security Hub Findings - Imported",
          ],
          "source": Array [
            "aws.securityhub",
          ],
        },
        "State": "ENABLED",
        "Targets": Array [
          Object {
            "Arn": Object {
              "Ref": "SecurityAlarmTopicEE71C633",
            },
            "Id": "Target0",
          },
        ],
      },
      "Type": "AWS::Events::Rule",
    },
    "IAMPolicyChange92C67B60": Object {
      "Properties": Object {
        "FilterPattern": "{($.eventName=DeleteGroupPolicy)||($.eventName=DeleteRolePolicy)||($.eventName=DeleteUserPolicy)||($.eventName=PutGroupPolicy)||($.eventName=PutRolePolicy)||($.eventName=PutUserPolicy)||($.eventName=CreatePolicy)||($.eventName=DeletePolicy)||($.eventName=CreatePolicyVersion)||($.eventName=DeletePolicyVersion)||($.eventName=AttachRolePolicy)||($.eventName=DetachRolePolicy)||($.eventName=AttachUserPolicy)||($.eventName=DetachUserPolicy)||($.eventName=AttachGroupPolicy)||($.eventName=DetachGroupPolicy)}",
        "LogGroupName": "aws-controltower/CloudTrailLogs",
        "MetricTransformations": Array [
          Object {
            "MetricName": "IAMPolicyEventCount",
            "MetricNamespace": "CloudTrailMetrics",
            "MetricValue": "1",
          },
        ],
      },
      "Type": "AWS::Logs::MetricFilter",
    },
    "IAMPolicyChangeAlarm014E790D": Object {
      "Properties": Object {
        "ActionsEnabled": true,
        "AlarmActions": Array [
          Object {
            "Ref": "SecurityAlarmTopicEE71C633",
          },
        ],
        "AlarmDescription": "IAM Configuration changes detected!",
        "ComparisonOperator": "GreaterThanOrEqualToThreshold",
        "DatapointsToAlarm": 1,
        "EvaluationPeriods": 1,
        "MetricName": "IAMPolicyEventCount",
        "Namespace": "CloudTrailMetrics",
        "Period": 300,
        "Statistic": "Sum",
        "Threshold": 1,
      },
      "Type": "AWS::CloudWatch::Alarm",
    },
    "NewAccessKeyCreated2B0746DE": Object {
      "Properties": Object {
        "FilterPattern": "{($.eventName=CreateAccessKey)}",
        "LogGroupName": "aws-controltower/CloudTrailLogs",
        "MetricTransformations": Array [
          Object {
            "MetricName": "NewAccessKeyCreatedEventCount",
            "MetricNamespace": "CloudTrailMetrics",
            "MetricValue": "1",
          },
        ],
      },
      "Type": "AWS::Logs::MetricFilter",
    },
    "NewAccessKeyCreatedAlarmBBF3FA3E": Object {
      "Properties": Object {
        "ActionsEnabled": true,
        "AlarmActions": Array [
          Object {
            "Ref": "SecurityAlarmTopicEE71C633",
          },
        ],
        "AlarmDescription": "Warning: New IAM access Eey was created. Please be sure this action was neccessary.",
        "ComparisonOperator": "GreaterThanOrEqualToThreshold",
        "DatapointsToAlarm": 1,
        "EvaluationPeriods": 1,
        "MetricName": "NewAccessKeyCreatedEventCount",
        "Namespace": "CloudTrailMetrics",
        "Period": 300,
        "Statistic": "Sum",
        "Threshold": 1,
      },
      "Type": "AWS::CloudWatch::Alarm",
    },
    "RootUserPolicyEventCount35663DD3": Object {
      "Properties": Object {
        "FilterPattern": "{$.userIdentity.type=\\"Root\\" && $.userIdentity.invokedBy NOT EXISTS && $.eventType !=\\"AwsServiceEvent\\"}",
        "LogGroupName": "aws-controltower/CloudTrailLogs",
        "MetricTransformations": Array [
          Object {
            "MetricName": "RootUserPolicyEventCount",
            "MetricNamespace": "CloudTrailMetrics",
            "MetricValue": "1",
          },
        ],
      },
      "Type": "AWS::Logs::MetricFilter",
    },
    "RootUserPolicyEventCountAlarm55CEC7AC": Object {
      "Properties": Object {
        "ActionsEnabled": true,
        "AlarmActions": Array [
          Object {
            "Ref": "SecurityAlarmTopicEE71C633",
          },
        ],
        "AlarmDescription": "Root user activity detected!",
        "ComparisonOperator": "GreaterThanOrEqualToThreshold",
        "DatapointsToAlarm": 1,
        "EvaluationPeriods": 1,
        "MetricName": "RootUserPolicyEventCount",
        "Namespace": "CloudTrailMetrics",
        "Period": 300,
        "Statistic": "Sum",
        "Threshold": 1,
      },
      "Type": "AWS::CloudWatch::Alarm",
    },
    "SecurityAlarmEmailD5EA4C2D": Object {
      "Properties": Object {
        "Endpoint": "notify-security@example.com",
        "Protocol": "email",
        "TopicArn": Object {
          "Ref": "SecurityAlarmTopicEE71C633",
        },
      },
      "Type": "AWS::SNS::Subscription",
    },
    "SecurityAlarmTopicEE71C633": Object {
      "Properties": Object {
        "Tags": Array [
          Object {
            "Key": "Environment",
            "Value": "Development",
          },
        ],
      },
      "Type": "AWS::SNS::Topic",
    },
    "SecurityAlarmTopicPolicyA4A1405F": Object {
      "Properties": Object {
        "PolicyDocument": Object {
          "Statement": Array [
            Object {
              "Action": "sns:Publish",
              "Effect": "Allow",
              "Principal": Object {
                "Service": "cloudwatch.amazonaws.com",
              },
              "Resource": Object {
                "Ref": "SecurityAlarmTopicEE71C633",
              },
              "Sid": "0",
            },
            Object {
              "Action": "sns:Publish",
              "Effect": "Allow",
              "Principal": Object {
                "Service": "events.amazonaws.com",
              },
              "Resource": Object {
                "Ref": "SecurityAlarmTopicEE71C633",
              },
              "Sid": "1",
            },
          ],
          "Version": "2012-10-17",
        },
        "Topics": Array [
          Object {
            "Ref": "SecurityAlarmTopicEE71C633",
          },
        ],
      },
      "Type": "AWS::SNS::TopicPolicy",
    },
    "UnauthorizedAttemptsA72B9105": Object {
      "Properties": Object {
        "FilterPattern": "{($.errorCode = \\"*UnauthorizedOperation\\" || $.errorCode = \\"AccessDenied*\\") && ($.eventName != \\"Decrypt\\" || $.userIdentity.invokedBy != \\"config.amazonaws.com\\" )}",
        "LogGroupName": "aws-controltower/CloudTrailLogs",
        "MetricTransformations": Array [
          Object {
            "MetricName": "UnauthorizedAttemptsEventCount",
            "MetricNamespace": "CloudTrailMetrics",
            "MetricValue": "1",
          },
        ],
      },
      "Type": "AWS::Logs::MetricFilter",
    },
    "UnauthorizedAttemptsAlarm27121FA6": Object {
      "Properties": Object {
        "ActionsEnabled": true,
        "AlarmActions": Array [
          Object {
            "Ref": "SecurityAlarmTopicEE71C633",
          },
        ],
        "AlarmDescription": "Multiple unauthorized actions or logins attempted!",
        "ComparisonOperator": "GreaterThanOrEqualToThreshold",
        "DatapointsToAlarm": 1,
        "EvaluationPeriods": 1,
        "MetricName": "UnauthorizedAttemptsEventCount",
        "Namespace": "CloudTrailMetrics",
        "Period": 300,
        "Statistic": "Sum",
        "Threshold": 5,
      },
      "Type": "AWS::CloudWatch::Alarm",
    },
  },
  "Rules": Object {
    "CheckBootstrapVersion": Object {
      "Assertions": Array [
        Object {
          "Assert": Object {
            "Fn::Not": Array [
              Object {
                "Fn::Contains": Array [
                  Array [
                    "1",
                    "2",
                    "3",
                    "4",
                    "5",
                  ],
                  Object {
                    "Ref": "BootstrapVersion",
                  },
                ],
              },
            ],
          },
          "AssertDescription": "CDK bootstrap stack version 6 required. Please run 'cdk bootstrap' with a recent version of the CDK CLI.",
        },
      ],
    },
  },
}
`;

exports[`BLEA ControlTower Stacks GuestAccount Base Stacks 4`] = `
Object {
  "Parameters": Object {
    "BootstrapVersion": Object {
      "Default": "/cdk-bootstrap/hnb659fds/version",
      "Description": "Version of the CDK Bootstrap resources in this environment, automatically retrieved from SSM Parameter Store. [cdk:skip]",
      "Type": "AWS::SSM::Parameter::Value<String>",
    },
  },
  "Resources": Object {
    "ChatbotChannel": Object {
      "Properties": Object {
        "ConfigurationName": "BLEA-ChatbotSecurity-T8XXXXXXX",
        "IamRoleArn": Object {
          "Fn::GetAtt": Array [
            "ChatbotRole8A87AA1F",
            "Arn",
          ],
        },
        "SlackChannelId": "C00XXXXXXXX",
        "SlackWorkspaceId": "T8XXXXXXX",
        "SnsTopicArns": Array [
          Object {
            "Fn::ImportValue": "BLEA-SecurityAlarm:ExportsOutputRefSecurityAlarmTopicEE71C63385BAAF8E",
          },
        ],
      },
      "Type": "AWS::Chatbot::SlackChannelConfiguration",
    },
    "ChatbotRole8A87AA1F": Object {
      "Properties": Object {
        "AssumeRolePolicyDocument": Object {
          "Statement": Array [
            Object {
              "Action": "sts:AssumeRole",
              "Effect": "Allow",
              "Principal": Object {
                "Service": "chatbot.amazonaws.com",
              },
            },
          ],
          "Version": "2012-10-17",
        },
        "ManagedPolicyArns": Array [
          Object {
            "Fn::Join": Array [
              "",
              Array [
                "arn:",
                Object {
                  "Ref": "AWS::Partition",
                },
                ":iam::aws:policy/ReadOnlyAccess",
              ],
            ],
          },
          Object {
            "Fn::Join": Array [
              "",
              Array [
                "arn:",
                Object {
                  "Ref": "AWS::Partition",
                },
                ":iam::aws:policy/CloudWatchReadOnlyAccess",
              ],
            ],
          },
        ],
        "Tags": Array [
          Object {
            "Key": "Environment",
            "Value": "Development",
          },
        ],
      },
      "Type": "AWS::IAM::Role",
    },
  },
  "Rules": Object {
    "CheckBootstrapVersion": Object {
      "Assertions": Array [
        Object {
          "Assert": Object {
            "Fn::Not": Array [
              Object {
                "Fn::Contains": Array [
                  Array [
                    "1",
                    "2",
                    "3",
                    "4",
                    "5",
                  ],
                  Object {
                    "Ref": "BootstrapVersion",
                  },
                ],
              },
            ],
          },
          "AssertDescription": "CDK bootstrap stack version 6 required. Please run 'cdk bootstrap' with a recent version of the CDK CLI.",
        },
      ],
    },
  },
}
`;
